2026-05-01 22:13:26,280 INFO analysis_run: Asama: Degerleme
2026-05-01 22:13:45,778 INFO analysis_run: Asama: Financials + DCF
2026-05-01 22:13:45,795 INFO analysis_run: Asama: Oranlar
2026-05-01 22:13:54,071 INFO analysis_run: Asama: Sablon Rapor
2026-05-01 22:13:54,155 INFO analysis_run: Kaydedildi -> investment_report.xlsx (27.9s)
2026-05-01 22:13:54,155 INFO analysis_run: Kaydedildi -> investment_report.run.json
2026-05-01 22:42:14,650 INFO analysis_run: Asama: Degerleme
2026-05-01 22:42:15,931 INFO analysis_run: Asama: Financials + DCF
2026-05-01 22:42:15,949 INFO analysis_run: Asama: Oranlar
2026-05-01 22:42:15,959 INFO analysis_run: Asama: Sablon Rapor
2026-05-01 22:42:16,042 INFO analysis_run: Kaydedildi -> investment_report.xlsx (1.4s)
2026-05-01 22:42:16,042 INFO analysis_run: Kaydedildi -> investment_report.run.json
2026-05-02 22:41:30,177 INFO analysis_run: Asama: Degerleme
2026-05-02 22:41:48,947 INFO analysis_run: Asama: Financials + DCF
2026-05-02 22:41:48,967 INFO analysis_run: Asama: Oranlar
2026-05-02 22:41:56,965 INFO analysis_run: Asama: Sablon Rapor
2026-05-02 22:41:57,053 INFO analysis_run: Kaydedildi -> investment_report.xlsx (26.9s)
2026-05-02 22:41:57,053 INFO analysis_run: Kaydedildi -> investment_report.run.json
2026-05-02 22:47:15,709 INFO analysis_run: Asama: Degerleme
2026-05-02 22:47:16,979 INFO analysis_run: Asama: Financials + DCF
2026-05-02 22:47:16,997 INFO analysis_run: Asama: Oranlar
2026-05-02 22:47:17,006 INFO analysis_run: Asama: Sablon Rapor
2026-05-02 22:47:17,085 INFO analysis_run: Kaydedildi -> investment_report.xlsx (1.4s)
2026-05-02 22:47:17,085 INFO analysis_run: Kaydedildi -> investment_report.run.json
2026-05-02 22:58:36,488 INFO analysis_run: Asama: Degerleme
2026-05-02 23:00:33,710 INFO analysis_run: Asama: Financials + DCF
2026-05-02 23:00:33,789 INFO analysis_run: Asama: Oranlar
2026-05-02 23:02:04,195 INFO analysis_run: Asama: Sablon Rapor
2026-05-02 23:02:04,519 INFO analysis_run: Kaydedildi -> investment_report.xlsx (208.0s)
2026-05-02 23:02:04,519 INFO analysis_run: Kaydedildi -> investment_report.run.json
2026-05-03 00:41:00,282 INFO analysis_run: Asama: Degerleme
2026-05-03 01:04:13,338 INFO analysis_run: Asama: Financials + DCF
2026-05-03 01:04:14,169 INFO analysis_run: Asama: Oranlar
2026-05-03 01:23:51,820 INFO analysis_run: Asama: Sablon Rapor
2026-05-03 01:23:55,641 INFO analysis_run: Kaydedildi -> investment_report.xlsx (2575.4s)
2026-05-03 01:23:55,641 INFO analysis_run: Kaydedildi -> investment_report.run.json
2026-05-03 22:03:42,424 INFO analysis_run: Asama: Degerleme
2026-05-03 22:04:01,441 INFO analysis_run: Asama: Financials + DCF
2026-05-03 22:04:01,461 INFO analysis_run: Asama: Oranlar
2026-05-03 22:04:10,453 INFO analysis_run: Asama: Sablon Rapor
2026-05-03 22:04:10,554 INFO analysis_run: Kaydedildi -> investment_report.xlsx (28.1s)
2026-05-03 22:04:10,554 INFO analysis_run: Kaydedildi -> investment_report.run.json
2026-05-03 22:11:49,419 INFO analysis_run: Asama: Degerleme
2026-05-03 22:11:50,684 INFO analysis_run: Asama: Financials + DCF
2026-05-03 22:11:50,700 INFO analysis_run: Asama: Oranlar
2026-05-03 22:11:50,708 INFO analysis_run: Asama: Sablon Rapor
2026-05-03 22:11:50,813 INFO analysis_run: Kaydedildi -> investment_report.xlsx (1.4s)
2026-05-03 22:11:50,813 INFO analysis_run: Kaydedildi -> investment_report.run.json
2026-05-05 10:33:44,891 INFO analysis_run: Asama: Degerleme
2026-05-05 10:34:03,286 INFO analysis_run: Asama: Financials + DCF
2026-05-05 10:34:03,328 INFO analysis_run: Asama: Oranlar
2026-05-05 10:34:11,202 INFO analysis_run: Asama: Sablon Rapor
2026-05-05 10:34:13,505 INFO analysis_run: Kaydedildi -> investment_report.xlsx (28.6s)
2026-05-05 10:34:13,505 INFO analysis_run: Kaydedildi -> investment_report.run.json
2026-05-05 10:39:28,912 INFO analysis_run: Asama: Degerleme
2026-05-05 10:39:33,335 INFO analysis_run: Asama: Financials + DCF
2026-05-05 10:39:34,131 INFO analysis_run: Asama: Oranlar
2026-05-05 10:39:34,898 INFO analysis_run: Asama: Sablon Rapor
2026-05-05 10:39:43,643 INFO analysis_run: Kaydedildi -> investment_report.xlsx (14.7s)
2026-05-05 10:39:43,644 INFO analysis_run: Kaydedildi -> investment_report.run.json
2026-05-05 10:40:50,943 INFO analysis_run: Asama: Degerleme
2026-05-05 10:40:55,088 INFO analysis_run: Asama: Financials + DCF
2026-05-05 10:40:55,122 INFO analysis_run: Asama: Oranlar
2026-05-05 10:40:56,206 INFO analysis_run: Asama: Sablon Rapor
2026-05-05 10:40:58,644 INFO analysis_run: Kaydedildi -> investment_report.xlsx (7.7s)
2026-05-05 10:40:58,644 INFO analysis_run: Kaydedildi -> investment_report.run.json
2026-05-05 10:44:16,275 INFO analysis_run: Asama: Degerleme
2026-05-05 10:44:26,050 INFO analysis_run: Asama: Financials + DCF
2026-05-05 10:44:26,081 INFO analysis_run: Asama: Oranlar
2026-05-05 10:44:30,571 INFO analysis_run: Asama: Sablon Rapor
2026-05-05 10:44:32,879 INFO analysis_run: Kaydedildi -> investment_report.xlsx (16.6s)
2026-05-05 10:44:32,879 INFO analysis_run: Kaydedildi -> investment_report.run.json
